\BOOKMARK [0][-]{chapter.1}{\376\377\000I\000n\000t\000r\000o\000d\000u\000c\000t\000i\000o\000n}{}% 1
\BOOKMARK [1][-]{section.1.1}{\376\377\000G\000e\000n\000e\000r\000a\000t\000e\000d\000\040\000F\000i\000g\000u\000r\000e\000\040\000O\000v\000e\000r\000v\000i\000e\000w}{chapter.1}% 2
\BOOKMARK [-1][-]{part.1}{\376\377\000I\000\040\000T\000h\000e\000\040\000A\000u\000t\000o\000g\000e\000n\000e\000r\000a\000t\000i\000v\000e\000\040\000T\000h\000e\000s\000i\000s\000:\000\040\000F\000r\000o\000m\000\040\000N\000o\000n\000-\000M\000a\000r\000k\000o\000v\000i\000a\000n\000\040\000L\000a\000n\000g\000u\000a\000g\000e\000\040\000t\000o\000\040\000C\000o\000g\000n\000i\000t\000i\000v\000e\000\040\000G\000e\000o\000m\000e\000t\000r\000y}{}% 3
\BOOKMARK [0][-]{section.1.2}{\376\377\000I\000n\000t\000r\000o\000d\000u\000c\000t\000i\000o\000n\000:\000\040\000T\000h\000e\000\040\000A\000u\000t\000o\000g\000e\000n\000e\000r\000a\000t\000i\000v\000e\000\040\000H\000y\000p\000o\000t\000h\000e\000s\000i\000s}{part.1}% 4
\BOOKMARK [1][-]{section.1.3}{\376\377\000M\000a\000t\000h\000e\000m\000a\000t\000i\000c\000a\000l\000\040\000F\000r\000a\000m\000e\000w\000o\000r\000k\000\040\000o\000f\000\040\000A\000u\000t\000o\000g\000e\000n\000e\000r\000a\000t\000i\000v\000e\000\040\000S\000y\000s\000t\000e\000m\000s}{section.1.2}% 5
\BOOKMARK [2][-]{subsection.1.3.1}{\376\377\000D\000e\000f\000i\000n\000i\000t\000i\000o\000n\000\040\000o\000f\000\040\000A\000u\000t\000o\000g\000e\000n\000e\000r\000a\000t\000i\000o\000n}{section.1.3}% 6
\BOOKMARK [2][-]{subsection.1.3.2}{\376\377\000N\000o\000n\000-\000M\000a\000r\000k\000o\000v\000i\000a\000n\000\040\000D\000e\000p\000e\000n\000d\000e\000n\000c\000e}{section.1.3}% 7
\BOOKMARK [2][-]{subsection.1.3.3}{\376\377\000T\000r\000a\000j\000e\000c\000t\000o\000r\000y\000\040\000E\000m\000b\000e\000d\000d\000i\000n\000g\000s}{section.1.3}% 8
\BOOKMARK [2][-]{subsection.1.3.4}{\376\377\000E\000n\000e\000r\000g\000y\000\040\000F\000u\000n\000c\000t\000i\000o\000n\000a\000l\000\040\000f\000o\000r\000\040\000T\000r\000a\000j\000e\000c\000t\000o\000r\000y\000\040\000S\000m\000o\000o\000t\000h\000n\000e\000s\000s}{section.1.3}% 9
\BOOKMARK [2][-]{subsection.1.3.5}{\376\377\000C\000o\000n\000j\000e\000c\000t\000u\000r\000e\000:\000\040\000I\000r\000r\000e\000d\000u\000c\000i\000b\000l\000e\000\040\000N\000o\000n\000-\000M\000a\000r\000k\000o\000v\000i\000a\000n\000i\000t\000y}{section.1.3}% 10
\BOOKMARK [1][-]{section.1.4}{\376\377\000I\000n\000f\000o\000r\000m\000a\000t\000i\000o\000n\000\040\000G\000e\000o\000m\000e\000t\000r\000y\000\040\000o\000f\000\040\000A\000u\000t\000o\000g\000e\000n\000e\000r\000a\000t\000i\000o\000n}{section.1.2}% 11
\BOOKMARK [2][-]{subsection.1.4.1}{\376\377\000M\000u\000t\000u\000a\000l\000\040\000I\000n\000f\000o\000r\000m\000a\000t\000i\000o\000n\000\040\000a\000n\000d\000\040\000M\000e\000m\000o\000r\000y\000\040\000L\000e\000n\000g\000t\000h}{section.1.4}% 12
\BOOKMARK [2][-]{subsection.1.4.2}{\376\377\000G\000e\000o\000d\000e\000s\000i\000c\000\040\000I\000n\000t\000e\000r\000p\000r\000e\000t\000a\000t\000i\000o\000n}{section.1.4}% 13
\BOOKMARK [2][-]{subsection.1.4.3}{\376\377\000T\000h\000e\000r\000m\000o\000d\000y\000n\000a\000m\000i\000c\000\040\000A\000n\000a\000l\000o\000g\000y}{section.1.4}% 14
\BOOKMARK [2][-]{subsection.1.4.4}{\376\377\000E\000m\000p\000i\000r\000i\000c\000a\000l\000\040\000O\000b\000s\000e\000r\000v\000a\000t\000i\000o\000n}{section.1.4}% 15
\BOOKMARK [1][-]{section.1.5}{\376\377\000C\000a\000t\000e\000g\000o\000r\000y\000-\000T\000h\000e\000o\000r\000e\000t\000i\000c\000\040\000a\000n\000d\000\040\000D\000y\000n\000a\000m\000i\000c\000a\000l\000\040\000E\000x\000t\000e\000n\000s\000i\000o\000n\000s}{section.1.2}% 16
\BOOKMARK [2][-]{subsection.1.5.1}{\376\377\000S\000e\000q\000u\000e\000n\000c\000e\000s\000\040\000a\000s\000\040\000a\000\040\000M\000o\000n\000o\000i\000d\000a\000l\000\040\000C\000a\000t\000e\000g\000o\000r\000y}{section.1.5}% 17
\BOOKMARK [2][-]{subsection.1.5.2}{\376\377\000F\000u\000n\000c\000t\000o\000r\000i\000a\000l\000\040\000S\000e\000m\000a\000n\000t\000i\000c\000s\000\040\000a\000n\000d\000\040\000A\000u\000t\000o\000r\000e\000g\000r\000e\000s\000s\000i\000v\000e\000\040\000N\000a\000t\000u\000r\000a\000l\000\040\000T\000r\000a\000n\000s\000f\000o\000r\000m\000a\000t\000i\000o\000n\000s}{section.1.5}% 18
\BOOKMARK [2][-]{subsection.1.5.3}{\376\377\000T\000r\000a\000n\000s\000j\000e\000c\000t\000i\000v\000e\000\040\000P\000a\000i\000r\000\040\000a\000n\000d\000\040\000E\000n\000d\000o\000f\000u\000n\000c\000t\000o\000r\000i\000a\000l\000\040\000C\000l\000o\000s\000u\000r\000e}{section.1.5}% 19
\BOOKMARK [2][-]{subsection.1.5.4}{\376\377\000C\000e\000n\000t\000r\000a\000l\000\040\000P\000a\000t\000t\000e\000r\000n\000\040\000G\000e\000n\000e\000r\000a\000t\000o\000r\000s\000\040\000a\000s\000\040\000S\000e\000m\000a\000n\000t\000i\000c\000\040\000F\000u\000n\000c\000t\000o\000r\000s}{section.1.5}% 20
\BOOKMARK [2][-]{subsection.1.5.5}{\376\377\000A\000d\000j\000u\000n\000c\000t\000i\000o\000n\000\040\000E\000n\000e\000r\000g\000e\000t\000i\000c\000s\000\040\000a\000n\000d\000\040\000F\000r\000e\000e\000\040\000E\000n\000e\000r\000g\000y}{section.1.5}% 21
\BOOKMARK [2][-]{subsection.1.5.6}{\376\377\000O\000p\000e\000r\000a\000d\000i\000c\000\040\000V\000i\000e\000w\000\040\000o\000f\000\040\000L\000e\000a\000r\000n\000e\000d\000\040\000C\000o\000m\000p\000o\000s\000i\000t\000i\000o\000n}{section.1.5}% 22
\BOOKMARK [2][-]{subsection.1.5.7}{\376\377\000D\000y\000n\000a\000m\000i\000c\000a\000l\000\040\000S\000y\000s\000t\000e\000m\000s\000\040\000w\000i\000t\000h\000\040\000M\000e\000m\000o\000r\000y\000:\000\040\000S\000t\000a\000t\000e\000-\000D\000e\000p\000e\000n\000d\000e\000n\000t\000\040\000D\000e\000l\000a\000y}{section.1.5}% 23
\BOOKMARK [2][-]{subsection.1.5.8}{\376\377\000A\000m\000p\000l\000i\000t\000w\000i\000s\000t\000o\000r\000\040\000N\000e\000t\000w\000o\000r\000k\000s\000\040\000a\000n\000d\000\040\000P\000h\000a\000s\000e\000\040\000C\000o\000n\000d\000e\000n\000s\000a\000t\000i\000o\000n}{section.1.5}% 24
\BOOKMARK [1][-]{section.1.6}{\376\377\000T\000o\000p\000o\000l\000o\000g\000i\000c\000a\000l\000\040\000a\000n\000d\000\040\000M\000e\000a\000s\000u\000r\000e\000-\000T\000h\000e\000o\000r\000e\000t\000i\000c\000\040\000F\000o\000u\000n\000d\000a\000t\000i\000o\000n\000s}{section.1.2}% 25
\BOOKMARK [2][-]{subsection.1.6.1}{\376\377\000P\000a\000t\000h\000\040\000S\000p\000a\000c\000e\000s\000,\000\040\000F\000i\000l\000t\000r\000a\000t\000i\000o\000n\000s\000,\000\040\000a\000n\000d\000\040\000P\000r\000e\000d\000i\000c\000t\000i\000v\000e\000\040\000S\000t\000r\000u\000c\000t\000u\000r\000e}{section.1.6}% 26
\BOOKMARK [2][-]{subsection.1.6.2}{\376\377\000M\000e\000a\000s\000u\000r\000e\000-\000T\000h\000e\000o\000r\000e\000t\000i\000c\000\040\000N\000o\000n\000-\000M\000a\000r\000k\000o\000v\000i\000a\000n\000i\000t\000y\000\040\000a\000n\000d\000\040\000T\000a\000i\000l\000\040\000D\000e\000p\000e\000n\000d\000e\000n\000c\000e}{section.1.6}% 27
\BOOKMARK [2][-]{subsection.1.6.3}{\376\377\000T\000o\000p\000o\000l\000o\000g\000i\000c\000a\000l\000\040\000P\000e\000r\000s\000i\000s\000t\000e\000n\000c\000e\000\040\000o\000f\000\040\000M\000e\000a\000n\000i\000n\000g}{section.1.6}% 28
\BOOKMARK [2][-]{subsection.1.6.4}{\376\377\000P\000a\000t\000h\000\040\000S\000i\000g\000n\000a\000t\000u\000r\000e\000s\000\040\000a\000n\000d\000\040\000R\000o\000u\000g\000h\000\040\000G\000e\000o\000m\000e\000t\000r\000y}{section.1.6}% 29
\BOOKMARK [2][-]{subsection.1.6.5}{\376\377\000S\000h\000e\000a\000f\000-\000T\000h\000e\000o\000r\000e\000t\000i\000c\000\040\000C\000o\000n\000t\000e\000x\000t\000\040\000G\000l\000u\000i\000n\000g}{section.1.6}% 30
\BOOKMARK [2][-]{subsection.1.6.6}{\376\377\000C\000o\000h\000o\000m\000o\000l\000o\000g\000i\000c\000a\000l\000\040\000O\000b\000s\000t\000r\000u\000c\000t\000i\000o\000n\000s\000\040\000t\000o\000\040\000U\000n\000d\000e\000r\000s\000t\000a\000n\000d\000i\000n\000g}{section.1.6}% 31
\BOOKMARK [1][-]{section.1.7}{\376\377\000O\000p\000e\000r\000a\000t\000o\000r\000\040\000a\000n\000d\000\040\000S\000p\000e\000c\000t\000r\000a\000l\000\040\000F\000r\000a\000m\000e\000w\000o\000r\000k\000s}{section.1.2}% 32
\BOOKMARK [2][-]{subsection.1.7.1}{\376\377\000A\000u\000t\000o\000g\000e\000n\000e\000r\000a\000t\000i\000v\000e\000\040\000O\000p\000e\000r\000a\000t\000o\000r\000s\000\040\000o\000n\000\040\000H\000i\000l\000b\000e\000r\000t\000\040\000S\000p\000a\000c\000e\000s}{section.1.7}% 33
\BOOKMARK [2][-]{subsection.1.7.2}{\376\377\000R\000e\000l\000e\000v\000a\000n\000c\000e\000\040\000S\000p\000e\000c\000t\000r\000u\000m\000\040\000a\000n\000d\000\040\000S\000e\000m\000a\000n\000t\000i\000c\000\040\000E\000n\000e\000r\000g\000y}{section.1.7}% 34
\BOOKMARK [2][-]{subsection.1.7.3}{\376\377\000S\000t\000o\000c\000h\000a\000s\000t\000i\000c\000\040\000G\000e\000n\000e\000r\000a\000t\000o\000r\000s\000\040\000a\000n\000d\000\040\000E\000n\000t\000r\000o\000p\000y\000\040\000P\000r\000o\000d\000u\000c\000t\000i\000o\000n}{section.1.7}% 35
\BOOKMARK [2][-]{subsection.1.7.4}{\376\377\000O\000p\000e\000r\000a\000t\000o\000r\000-\000V\000a\000l\000u\000e\000d\000\040\000A\000t\000t\000e\000n\000t\000i\000o\000n\000\040\000a\000n\000d\000\040\000N\000o\000n\000-\000M\000a\000r\000k\000o\000v\000i\000a\000n\000\040\000K\000e\000r\000n\000e\000l\000s}{section.1.7}% 36
\BOOKMARK [2][-]{subsection.1.7.5}{\376\377\000Q\000u\000a\000n\000t\000u\000m\000\040\000A\000n\000a\000l\000o\000g\000y\000\040\000a\000n\000d\000\040\000A\000m\000p\000l\000i\000t\000w\000i\000s\000t\000o\000r\000\040\000C\000o\000u\000p\000l\000i\000n\000g}{section.1.7}% 37
\BOOKMARK [2][-]{subsection.1.7.6}{\376\377\000S\000p\000e\000c\000t\000r\000a\000l\000\040\000F\000l\000o\000w\000\040\000a\000n\000d\000\040\000L\000e\000a\000r\000n\000i\000n\000g\000\040\000D\000y\000n\000a\000m\000i\000c\000s}{section.1.7}% 38
\BOOKMARK [2][-]{subsection.1.7.7}{\376\377\000F\000u\000n\000c\000t\000i\000o\000n\000a\000l\000\040\000C\000a\000l\000c\000u\000l\000u\000s\000\040\000a\000n\000d\000\040\000H\000i\000g\000h\000e\000r\000-\000O\000r\000d\000e\000r\000\040\000C\000l\000o\000s\000u\000r\000e}{section.1.7}% 39
\BOOKMARK [2][-]{subsection.1.7.8}{\376\377\000R\000e\000l\000a\000t\000i\000o\000n\000\040\000t\000o\000\040\000T\000h\000e\000r\000m\000o\000d\000y\000n\000a\000m\000i\000c\000\040\000G\000e\000o\000m\000e\000t\000r\000y}{section.1.7}% 40
\BOOKMARK [1][-]{section.1.8}{\376\377\000T\000o\000p\000o\000l\000o\000g\000i\000c\000a\000l\000\040\000D\000y\000n\000a\000m\000i\000c\000s\000\040\000a\000n\000d\000\040\000R\000e\000c\000u\000r\000r\000e\000n\000c\000e}{section.1.2}% 41
\BOOKMARK [2][-]{subsection.1.8.1}{\376\377\000S\000y\000m\000b\000o\000l\000i\000c\000\040\000D\000y\000n\000a\000m\000i\000c\000s\000\040\000a\000n\000d\000\040\000S\000u\000b\000s\000h\000i\000f\000t\000s}{section.1.8}% 42
\BOOKMARK [2][-]{subsection.1.8.2}{\376\377\000C\000o\000n\000l\000e\000y\000\040\000I\000n\000d\000e\000x\000\040\000a\000n\000d\000\040\000M\000o\000r\000s\000e\000\040\000D\000e\000c\000o\000m\000p\000o\000s\000i\000t\000i\000o\000n}{section.1.8}% 43
\BOOKMARK [2][-]{subsection.1.8.3}{\376\377\000T\000e\000m\000p\000o\000r\000a\000l\000\040\000G\000r\000a\000p\000h\000s\000\040\000a\000n\000d\000\040\000R\000e\000c\000u\000r\000r\000e\000n\000t\000\040\000C\000o\000m\000m\000u\000n\000i\000t\000i\000e\000s}{section.1.8}% 44
\BOOKMARK [2][-]{subsection.1.8.4}{\376\377\000T\000o\000p\000o\000l\000o\000g\000i\000c\000a\000l\000\040\000P\000r\000e\000s\000s\000u\000r\000e\000\040\000a\000n\000d\000\040\000P\000r\000e\000d\000i\000c\000t\000i\000v\000e\000\040\000F\000r\000e\000e\000\040\000E\000n\000e\000r\000g\000y}{section.1.8}% 45
\BOOKMARK [1][-]{section.1.9}{\376\377\000P\000h\000y\000s\000i\000c\000a\000l\000\040\000a\000n\000d\000\040\000T\000h\000e\000r\000m\000o\000d\000y\000n\000a\000m\000i\000c\000\040\000I\000n\000t\000e\000r\000p\000r\000e\000t\000a\000t\000i\000o\000n}{section.1.2}% 46
\BOOKMARK [2][-]{subsection.1.9.1}{\376\377\000N\000o\000n\000-\000M\000a\000r\000k\000o\000v\000i\000a\000n\000\040\000A\000c\000t\000i\000o\000n\000s\000\040\000w\000i\000t\000h\000\040\000M\000e\000m\000o\000r\000y\000\040\000K\000e\000r\000n\000e\000l\000s}{section.1.9}% 47
\BOOKMARK [2][-]{subsection.1.9.2}{\376\377\000L\000a\000n\000d\000a\000u\000e\000r\000\040\000B\000u\000d\000g\000e\000t\000\040\000a\000n\000d\000\040\000E\000p\000i\000s\000t\000e\000m\000i\000c\000\040\000W\000o\000r\000k}{section.1.9}% 48
\BOOKMARK [2][-]{subsection.1.9.3}{\376\377\000F\000r\000a\000c\000t\000i\000o\000n\000a\000l\000\040\000a\000n\000d\000\040\000H\000e\000r\000e\000d\000i\000t\000a\000r\000y\000\040\000D\000y\000n\000a\000m\000i\000c\000s}{section.1.9}% 49
\BOOKMARK [2][-]{subsection.1.9.4}{\376\377\000O\000p\000t\000i\000m\000a\000l\000\040\000T\000r\000a\000n\000s\000p\000o\000r\000t\000\040\000a\000n\000d\000\040\000W\000a\000s\000s\000e\000r\000s\000t\000e\000i\000n\000\040\000F\000l\000o\000w\000s}{section.1.9}% 50
\BOOKMARK [2][-]{subsection.1.9.5}{\376\377\000A\000m\000p\000l\000i\000t\000w\000i\000s\000t\000o\000r\000\040\000C\000o\000u\000p\000l\000i\000n\000g\000\040\000a\000n\000d\000\040\000P\000h\000a\000s\000e\000\040\000T\000h\000e\000r\000m\000o\000d\000y\000n\000a\000m\000i\000c\000s}{section.1.9}% 51
\BOOKMARK [1][-]{section.1.10}{\376\377\000C\000o\000g\000n\000i\000t\000i\000v\000e\000\040\000G\000e\000o\000m\000e\000t\000r\000y\000\040\000a\000n\000d\000\040\000E\000m\000b\000o\000d\000i\000e\000d\000\040\000S\000e\000m\000a\000n\000t\000i\000c\000s}{section.1.2}% 52
\BOOKMARK [2][-]{subsection.1.10.1}{\376\377\000F\000i\000b\000e\000r\000\040\000B\000u\000n\000d\000l\000e\000s\000\040\000o\000f\000\040\000S\000y\000n\000t\000a\000x\000\040\000a\000n\000d\000\040\000S\000e\000m\000a\000n\000t\000i\000c\000s}{section.1.10}% 53
\BOOKMARK [2][-]{subsection.1.10.2}{\376\377\000E\000m\000b\000o\000d\000i\000m\000e\000n\000t\000\040\000v\000i\000a\000\040\000C\000P\000G\000\040\000H\000o\000r\000i\000z\000o\000n\000t\000a\000l\000\040\000L\000i\000f\000t\000s}{section.1.10}% 54
\BOOKMARK [2][-]{subsection.1.10.3}{\376\377\000M\000i\000r\000r\000o\000r\000\040\000D\000u\000a\000l\000i\000t\000y\000:\000\040\000S\000y\000n\000t\000a\000x\000\040\000\040\000S\000e\000m\000a\000n\000t\000i\000c\000s}{section.1.10}% 55
\BOOKMARK [2][-]{subsection.1.10.4}{\376\377\000O\000p\000t\000i\000m\000a\000l\000\040\000T\000r\000a\000n\000s\000p\000o\000r\000t\000\040\000B\000e\000t\000w\000e\000e\000n\000\040\000M\000o\000d\000a\000l\000i\000t\000i\000e\000s}{section.1.10}% 56
\BOOKMARK [1][-]{section.1.11}{\376\377\000S\000y\000n\000t\000h\000e\000s\000i\000s\000:\000\040\000A\000u\000t\000o\000g\000e\000n\000e\000r\000a\000t\000i\000v\000e\000\040\000S\000y\000s\000t\000e\000m\000s\000\040\000a\000s\000\040\000N\000a\000t\000u\000r\000a\000l\000\040\000C\000o\000m\000p\000u\000t\000a\000t\000i\000o\000n}{section.1.2}% 57
\BOOKMARK [2][-]{subsection.1.11.1}{\376\377\000D\000e\000f\000i\000n\000i\000t\000i\000o\000n\000\040\000a\000n\000d\000\040\000I\000n\000v\000a\000r\000i\000a\000n\000t\000s}{section.1.11}% 58
\BOOKMARK [2][-]{subsection.1.11.2}{\376\377\000F\000a\000l\000s\000i\000f\000i\000a\000b\000l\000e\000\040\000P\000r\000e\000d\000i\000c\000t\000i\000o\000n\000s}{section.1.11}% 59
\BOOKMARK [2][-]{subsection.1.11.3}{\376\377\000E\000x\000p\000e\000r\000i\000m\000e\000n\000t\000a\000l\000\040\000P\000r\000o\000g\000r\000a\000m}{section.1.11}% 60
\BOOKMARK [2][-]{subsection.1.11.4}{\376\377\000I\000n\000t\000e\000g\000r\000a\000t\000i\000o\000n\000\040\000w\000i\000t\000h\000\040\000R\000S\000V\000P\000\040\000/\000\040\000R\000A\000T\000\040\000/\000\040\000A\000T\000T\000\040\000/\000\040\000C\000P\000G}{section.1.11}% 61
\BOOKMARK [1][-]{section.1.12}{\376\377\000H\000i\000s\000t\000o\000r\000i\000c\000a\000l\000\040\000a\000n\000d\000\040\000C\000o\000n\000c\000e\000p\000t\000u\000a\000l\000\040\000C\000o\000n\000t\000e\000x\000t}{section.1.2}% 62
\BOOKMARK [1][-]{section.1.13}{\376\377\000M\000a\000t\000h\000e\000m\000a\000t\000i\000c\000a\000l\000\040\000S\000u\000m\000m\000a\000r\000y\000\040\000a\000n\000d\000\040\000O\000p\000e\000n\000\040\000H\000o\000r\000i\000z\000o\000n\000s}{section.1.2}% 63
\BOOKMARK [1][-]{Item.18}{\376\377\000T\000r\000a\000n\000s\000i\000t\000i\000o\000n\000\040\000t\000o\000\040\000P\000a\000r\000t\000\040\000I\000I}{section.1.2}% 64
\BOOKMARK [-1][-]{part.2}{\376\377\000I\000I\000\040\000A\000d\000v\000a\000n\000c\000e\000d\000\040\000F\000r\000a\000m\000e\000w\000o\000r\000k\000s\000\040\000o\000f\000\040\000A\000u\000t\000o\000g\000e\000n\000e\000r\000a\000t\000i\000o\000n}{}% 65
\BOOKMARK [0][-]{section.1.14}{\376\377\000E\000r\000g\000o\000d\000i\000c\000\040\000T\000h\000e\000o\000r\000y\000\040\000a\000n\000d\000\040\000E\000n\000t\000r\000o\000p\000y\000\040\000S\000t\000r\000u\000c\000t\000u\000r\000e}{part.2}% 66
\BOOKMARK [1][-]{section.1.15}{\376\377\000C\000a\000t\000e\000g\000o\000r\000y\000\040\000T\000h\000e\000o\000r\000y\000\040\000a\000n\000d\000\040\042\036\000-\000C\000a\000t\000e\000g\000o\000r\000i\000c\000a\000l\000\040\000C\000o\000h\000e\000r\000e\000n\000c\000e}{section.1.14}% 67
\BOOKMARK [1][-]{section.1.16}{\376\377\000D\000i\000f\000f\000e\000r\000e\000n\000t\000i\000a\000l\000\040\000G\000e\000o\000m\000e\000t\000r\000y\000\040\000a\000n\000d\000\040\000C\000u\000r\000v\000a\000t\000u\000r\000e\000\040\000F\000l\000o\000w}{section.1.14}% 68
\BOOKMARK [1][-]{section.1.17}{\376\377\000O\000p\000e\000r\000a\000t\000o\000r\000\040\000A\000l\000g\000e\000b\000r\000a\000s\000\040\000a\000n\000d\000\040\000K\000o\000o\000p\000m\000a\000n\040\023\000v\000o\000n\000\040\000N\000e\000u\000m\000a\000n\000n\000\040\000F\000o\000r\000m\000a\000l\000i\000s\000m}{section.1.14}% 69
\BOOKMARK [1][-]{section.1.18}{\376\377\000R\000o\000u\000g\000h\000\040\000P\000a\000t\000h\000\040\000T\000h\000e\000o\000r\000y\000\040\000a\000n\000d\000\040\000S\000i\000g\000n\000a\000t\000u\000r\000e\000\040\000C\000a\000l\000c\000u\000l\000u\000s}{section.1.14}% 70
\BOOKMARK [1][-]{section.1.19}{\376\377\000S\000h\000e\000a\000f\000\040\000T\000h\000e\000o\000r\000y\000\040\000a\000n\000d\000\040\000C\000o\000n\000t\000e\000x\000t\000u\000a\000l\000\040\000S\000e\000m\000a\000n\000t\000i\000c\000s}{section.1.14}% 71
\BOOKMARK [1][-]{section.1.20}{\376\377\000O\000p\000e\000r\000a\000d\000i\000c\000\040\000C\000o\000m\000p\000o\000s\000i\000t\000i\000o\000n\000\040\000a\000n\000d\000\040\000S\000e\000m\000a\000n\000t\000i\000c\000\040\000A\000l\000g\000e\000b\000r\000a}{section.1.14}% 72
\BOOKMARK [1][-]{section.1.21}{\376\377\000H\000o\000m\000o\000t\000o\000p\000y\000\040\000a\000n\000d\000\040\042\036\000-\000C\000o\000h\000e\000s\000i\000o\000n}{section.1.14}% 73
\BOOKMARK [1][-]{section.1.22}{\376\377\000D\000e\000r\000i\000v\000e\000d\000\040\000G\000e\000o\000m\000e\000t\000r\000y\000\040\000a\000n\000d\000\040\000V\000a\000r\000i\000a\000t\000i\000o\000n\000a\000l\000\040\000S\000t\000r\000u\000c\000t\000u\000r\000e}{section.1.14}% 74
\BOOKMARK [1][-]{section.1.23}{\376\377\000Q\000u\000a\000n\000t\000u\000m\000\040\000I\000n\000f\000o\000r\000m\000a\000t\000i\000o\000n\000\040\000a\000n\000d\000\040\000S\000t\000o\000c\000h\000a\000s\000t\000i\000c\000\040\000Q\000u\000a\000n\000t\000i\000z\000a\000t\000i\000o\000n}{section.1.14}% 75
\BOOKMARK [1][-]{section.1.24}{\376\377\000R\000e\000n\000o\000r\000m\000a\000l\000i\000z\000a\000t\000i\000o\000n\000\040\000a\000n\000d\000\040\000S\000c\000a\000l\000e\000\040\000I\000n\000v\000a\000r\000i\000a\000n\000c\000e}{section.1.14}% 76
\BOOKMARK [1][-]{section.1.25}{\376\377\000C\000o\000h\000e\000s\000i\000v\000e\000\040\042\036\000-\000T\000o\000p\000o\000s\000\040\000R\000e\000n\000o\000r\000m\000a\000l\000i\000z\000a\000t\000i\000o\000n\000\040\000P\000r\000i\000n\000c\000i\000p\000l\000e}{section.1.14}% 77
\BOOKMARK [1][-]{section.1.26}{\376\377\000R\000e\000n\000o\000r\000m\000a\000l\000i\000z\000a\000t\000i\000o\000n\000\040\000G\000r\000o\000u\000p\000\040\000o\000f\000\040\000U\000n\000d\000e\000r\000s\000t\000a\000n\000d\000i\000n\000g}{section.1.14}% 78
\BOOKMARK [1][-]{section.1.27}{\376\377\000D\000e\000r\000i\000v\000e\000d\000\040\000C\000a\000t\000e\000g\000o\000r\000y\000\040\000o\000f\000\040\000U\000n\000d\000e\000r\000s\000t\000a\000n\000d\000i\000n\000g\000\040\000S\000c\000a\000l\000e\000s}{section.1.14}% 79
\BOOKMARK [1][-]{section.1.28}{\376\377\000S\000y\000n\000t\000h\000e\000t\000i\000c\000\040\000D\000i\000f\000f\000e\000r\000e\000n\000t\000i\000a\000l\000\040\000G\000e\000o\000m\000e\000t\000r\000y\000\040\000o\000f\000\040\000C\000o\000m\000p\000r\000e\000h\000e\000n\000s\000i\000o\000n}{section.1.14}% 80
\BOOKMARK [1][-]{section.1.29}{\376\377\000C\000o\000h\000e\000s\000i\000v\000e\000\040\042\036\000-\000T\000o\000p\000o\000s\000\040\000a\000n\000d\000\040\000U\000n\000i\000f\000i\000e\000d\000\040\000C\000o\000n\000j\000e\000c\000t\000u\000r\000e}{section.1.14}% 81
\BOOKMARK [1][-]{Item.96}{\376\377\000B\000i\000b\000l\000i\000o\000g\000r\000a\000p\000h\000y}{section.1.14}% 82
\BOOKMARK [1][-]{section.Alph0.1}{\376\377\000A\000p\000p\000e\000n\000d\000i\000x\000\040\000B\000:\000\040\000T\000h\000e\000r\000m\000o\000d\000y\000n\000a\000m\000i\000c\000\040\000E\000q\000u\000i\000v\000a\000l\000e\000n\000c\000e\000\040\000a\000n\000d\000\040\000E\000p\000i\000s\000t\000e\000m\000i\000c\000\040\000E\000n\000e\000r\000g\000y}{section.1.14}% 83
\BOOKMARK [1][-]{section.Alph0.2}{\376\377\000G\000l\000o\000s\000s\000a\000r\000y\000\040\000o\000f\000\040\000C\000o\000r\000e\000\040\000T\000e\000r\000m\000s}{section.1.14}% 84
